--------------------------------------------------------------------------------
Release 14.7 Trace  (nt64)
Copyright (c) 1995-2013 Xilinx, Inc.  All rights reserved.

C:\Xilinx\14.7\ISE_DS\ISE\bin\nt64\unwrapped\trce.exe -intstyle ise -v 3 -s 5
-n 3 -fastpaths -xml cpu.twx cpu.ncd -o cpu.twr cpu.pcf

Design file:              cpu.ncd
Physical constraint file: cpu.pcf
Device,package,speed:     xc3s1200e,fg320,-5 (PRODUCTION 1.27 2013-10-13)
Report level:             verbose report

Environment Variable      Effect 
--------------------      ------ 
NONE                      No environment variables were set
--------------------------------------------------------------------------------

INFO:Timing:2698 - No timing constraints found, doing default enumeration.
INFO:Timing:3412 - To improve timing, see the Timing Closure User Guide (UG612).
INFO:Timing:2752 - To get complete path coverage, use the unconstrained paths 
   option. All paths that are not constrained will be reported in the 
   unconstrained paths section(s) of the report.
INFO:Timing:3339 - The clock-to-out numbers in this timing report are based on 
   a 50 Ohm transmission line loading model.  For the details of this model, 
   and for more information on accounting for different loading conditions, 
   please see the device datasheet.
INFO:Timing:3390 - This architecture does not support a default System Jitter 
   value, please add SYSTEM_JITTER constraint to the UCF to modify the Clock 
   Uncertainty calculation.
INFO:Timing:3389 - This architecture does not support 'Discrete Jitter' and 
   'Phase Error' calculations, these terms will be zero in the Clock 
   Uncertainty calculation.  Please make appropriate modification to 
   SYSTEM_JITTER to account for the unsupported Discrete Jitter and Phase 
   Error.



Data Sheet report:
-----------------
All values displayed in nanoseconds (ns)

Setup/Hold to clock CLK
------------+------------+------------+------------------+--------+
            |Max Setup to|Max Hold to |                  | Clock  |
Source      | clk (edge) | clk (edge) |Internal Clock(s) | Phase  |
------------+------------+------------+------------------+--------+
EXT_IN<0>   |   13.789(R)|   -5.158(R)|XLXN_215          |   0.000|
            |   13.751(F)|   -2.084(F)|XLXN_215          |   0.000|
EXT_IN<1>   |   12.660(R)|   -4.726(R)|XLXN_215          |   0.000|
            |   12.908(F)|   -1.645(F)|XLXN_215          |   0.000|
EXT_IN<2>   |   11.252(R)|   -4.115(R)|XLXN_215          |   0.000|
            |   11.500(F)|   -1.388(F)|XLXN_215          |   0.000|
EXT_IN<3>   |   14.760(R)|   -3.834(R)|XLXN_215          |   0.000|
            |   15.008(F)|   -1.342(F)|XLXN_215          |   0.000|
EXT_IN<4>   |   10.079(R)|   -4.029(R)|XLXN_215          |   0.000|
            |   10.327(F)|   -1.098(F)|XLXN_215          |   0.000|
EXT_IN<5>   |   10.200(R)|   -3.651(R)|XLXN_215          |   0.000|
            |   10.448(F)|   -0.826(F)|XLXN_215          |   0.000|
EXT_IN<6>   |   10.019(R)|   -3.367(R)|XLXN_215          |   0.000|
            |   10.267(F)|   -0.844(F)|XLXN_215          |   0.000|
EXT_IN<7>   |   10.147(R)|   -3.906(R)|XLXN_215          |   0.000|
            |   10.395(F)|   -1.567(F)|XLXN_215          |   0.000|
EXT_IN<8>   |   10.108(R)|   -3.679(R)|XLXN_215          |   0.000|
            |   10.300(F)|   -1.167(F)|XLXN_215          |   0.000|
EXT_IN<9>   |   10.147(R)|   -2.832(R)|XLXN_215          |   0.000|
            |   10.395(F)|   -0.317(F)|XLXN_215          |   0.000|
EXT_IN<10>  |    9.893(R)|   -3.209(R)|XLXN_215          |   0.000|
            |   10.141(F)|   -0.636(F)|XLXN_215          |   0.000|
EXT_IN<11>  |   10.312(R)|   -2.833(R)|XLXN_215          |   0.000|
            |   10.368(F)|   -0.488(F)|XLXN_215          |   0.000|
EXT_IN<12>  |   10.295(R)|   -3.685(R)|XLXN_215          |   0.000|
            |   10.543(F)|   -0.834(F)|XLXN_215          |   0.000|
EXT_IN<13>  |   10.244(R)|   -3.204(R)|XLXN_215          |   0.000|
            |   10.476(F)|   -0.763(F)|XLXN_215          |   0.000|
EXT_IN<14>  |   10.434(R)|   -3.496(R)|XLXN_215          |   0.000|
            |   10.228(F)|   -1.272(F)|XLXN_215          |   0.000|
EXT_IN<15>  |   10.232(R)|   -2.269(R)|XLXN_215          |   0.000|
            |    9.406(F)|   -0.677(F)|XLXN_215          |   0.000|
INSTR<0>    |   15.775(R)|   -5.000(R)|XLXN_215          |   0.000|
            |   16.023(F)|   -2.339(F)|XLXN_215          |   0.000|
INSTR<1>    |   19.757(R)|   -6.117(R)|XLXN_215          |   0.000|
            |   19.719(F)|   -3.036(F)|XLXN_215          |   0.000|
INSTR<2>    |   22.390(R)|   -4.376(R)|XLXN_215          |   0.000|
            |   22.402(F)|   -1.649(F)|XLXN_215          |   0.000|
INSTR<3>    |   19.393(R)|   -5.000(R)|XLXN_215          |   0.000|
            |   19.641(F)|   -2.433(F)|XLXN_215          |   0.000|
INSTR<4>    |   17.937(R)|   -5.984(R)|XLXN_215          |   0.000|
            |   18.185(F)|   -3.858(F)|XLXN_215          |   0.000|
INSTR<5>    |   17.614(R)|   -6.042(R)|XLXN_215          |   0.000|
            |   17.862(F)|   -3.740(F)|XLXN_215          |   0.000|
INSTR<6>    |   19.148(R)|   -7.132(R)|XLXN_215          |   0.000|
            |   19.396(F)|   -0.592(F)|XLXN_215          |   0.000|
INSTR<7>    |   19.221(R)|   -7.011(R)|XLXN_215          |   0.000|
            |   19.469(F)|    0.183(F)|XLXN_215          |   0.000|
INSTR<8>    |   17.568(R)|   -6.005(R)|XLXN_215          |   0.000|
            |   17.816(F)|    0.397(F)|XLXN_215          |   0.000|
INSTR<9>    |   21.964(R)|   -4.233(R)|XLXN_215          |   0.000|
            |   22.026(F)|   -1.722(F)|XLXN_215          |   0.000|
INSTR<10>   |   21.685(R)|   -4.203(R)|XLXN_215          |   0.000|
            |   21.933(F)|   -1.692(F)|XLXN_215          |   0.000|
INSTR<11>   |   21.782(R)|   -4.278(R)|XLXN_215          |   0.000|
            |   21.744(F)|   -1.932(F)|XLXN_215          |   0.000|
INSTR<12>   |   21.548(R)|   -4.164(R)|XLXN_215          |   0.000|
            |   21.510(F)|   -1.521(F)|XLXN_215          |   0.000|
INSTR<13>   |   21.765(R)|   -4.333(R)|XLXN_215          |   0.000|
            |   21.727(F)|   -1.651(F)|XLXN_215          |   0.000|
INSTR<14>   |   21.295(R)|   -3.623(R)|XLXN_215          |   0.000|
            |   21.257(F)|   -1.892(F)|XLXN_215          |   0.000|
INSTR<15>   |   21.316(R)|   -4.097(R)|XLXN_215          |   0.000|
            |   21.278(F)|   -1.479(F)|XLXN_215          |   0.000|
RST         |    4.131(F)|    1.190(F)|XLXN_215          |   0.000|
------------+------------+------------+------------------+--------+

Clock CLK to Pad
------------+------------+------------------+--------+
            | clk (edge) |                  | Clock  |
Destination |   to PAD   |Internal Clock(s) | Phase  |
------------+------------+------------------+--------+
N_FLAG      |    6.688(R)|XLXN_215          |   0.000|
RESULT<0>   |   18.010(F)|XLXN_215          |   0.000|
RESULT<1>   |   18.238(F)|XLXN_215          |   0.000|
RESULT<2>   |   18.429(F)|XLXN_215          |   0.000|
RESULT<3>   |   17.493(F)|XLXN_215          |   0.000|
RESULT<4>   |   18.741(F)|XLXN_215          |   0.000|
RESULT<5>   |   18.252(F)|XLXN_215          |   0.000|
RESULT<6>   |   18.379(F)|XLXN_215          |   0.000|
RESULT<7>   |   18.566(F)|XLXN_215          |   0.000|
RESULT<8>   |   17.848(F)|XLXN_215          |   0.000|
RESULT<9>   |   18.333(F)|XLXN_215          |   0.000|
RESULT<10>  |   18.819(F)|XLXN_215          |   0.000|
RESULT<11>  |   18.672(F)|XLXN_215          |   0.000|
RESULT<12>  |   17.873(F)|XLXN_215          |   0.000|
RESULT<13>  |   18.734(F)|XLXN_215          |   0.000|
RESULT<14>  |   18.701(F)|XLXN_215          |   0.000|
RESULT<15>  |   19.145(F)|XLXN_215          |   0.000|
Z_FLAG      |    7.239(R)|XLXN_215          |   0.000|
------------+------------+------------------+--------+

Clock to Setup on destination clock CLK
---------------+---------+---------+---------+---------+
               | Src:Rise| Src:Fall| Src:Rise| Src:Fall|
Source Clock   |Dest:Rise|Dest:Rise|Dest:Fall|Dest:Fall|
---------------+---------+---------+---------+---------+
CLK            |         |   14.954|         |   15.292|
---------------+---------+---------+---------+---------+

Pad to Pad
---------------+---------------+---------+
Source Pad     |Destination Pad|  Delay  |
---------------+---------------+---------+
EXT_IN<0>      |RESULT<0>      |   16.255|
EXT_IN<0>      |RESULT<1>      |   16.228|
EXT_IN<0>      |RESULT<2>      |   16.419|
EXT_IN<0>      |RESULT<3>      |   15.483|
EXT_IN<0>      |RESULT<4>      |   16.574|
EXT_IN<0>      |RESULT<5>      |   15.628|
EXT_IN<0>      |RESULT<6>      |   16.221|
EXT_IN<0>      |RESULT<7>      |   16.556|
EXT_IN<0>      |RESULT<8>      |   15.838|
EXT_IN<0>      |RESULT<9>      |   16.323|
EXT_IN<0>      |RESULT<10>     |   16.809|
EXT_IN<0>      |RESULT<11>     |   16.507|
EXT_IN<0>      |RESULT<12>     |   15.863|
EXT_IN<0>      |RESULT<13>     |   16.602|
EXT_IN<0>      |RESULT<14>     |   16.691|
EXT_IN<0>      |RESULT<15>     |   17.135|
EXT_IN<1>      |RESULT<0>      |   13.500|
EXT_IN<1>      |RESULT<1>      |   15.385|
EXT_IN<1>      |RESULT<2>      |   15.576|
EXT_IN<1>      |RESULT<3>      |   14.640|
EXT_IN<1>      |RESULT<4>      |   15.731|
EXT_IN<1>      |RESULT<5>      |   14.785|
EXT_IN<1>      |RESULT<6>      |   15.378|
EXT_IN<1>      |RESULT<7>      |   15.713|
EXT_IN<1>      |RESULT<8>      |   14.995|
EXT_IN<1>      |RESULT<9>      |   15.480|
EXT_IN<1>      |RESULT<10>     |   15.966|
EXT_IN<1>      |RESULT<11>     |   15.664|
EXT_IN<1>      |RESULT<12>     |   15.020|
EXT_IN<1>      |RESULT<13>     |   15.759|
EXT_IN<1>      |RESULT<14>     |   15.848|
EXT_IN<1>      |RESULT<15>     |   16.292|
EXT_IN<2>      |RESULT<0>      |   11.636|
EXT_IN<2>      |RESULT<1>      |   11.891|
EXT_IN<2>      |RESULT<2>      |   14.168|
EXT_IN<2>      |RESULT<3>      |   13.232|
EXT_IN<2>      |RESULT<4>      |   14.323|
EXT_IN<2>      |RESULT<5>      |   13.377|
EXT_IN<2>      |RESULT<6>      |   13.970|
EXT_IN<2>      |RESULT<7>      |   14.305|
EXT_IN<2>      |RESULT<8>      |   13.587|
EXT_IN<2>      |RESULT<9>      |   14.072|
EXT_IN<2>      |RESULT<10>     |   14.558|
EXT_IN<2>      |RESULT<11>     |   14.256|
EXT_IN<2>      |RESULT<12>     |   13.612|
EXT_IN<2>      |RESULT<13>     |   14.351|
EXT_IN<2>      |RESULT<14>     |   14.440|
EXT_IN<2>      |RESULT<15>     |   14.884|
EXT_IN<3>      |RESULT<0>      |   15.305|
EXT_IN<3>      |RESULT<1>      |   15.112|
EXT_IN<3>      |RESULT<2>      |   14.968|
EXT_IN<3>      |RESULT<3>      |   16.740|
EXT_IN<3>      |RESULT<4>      |   17.831|
EXT_IN<3>      |RESULT<5>      |   16.885|
EXT_IN<3>      |RESULT<6>      |   17.478|
EXT_IN<3>      |RESULT<7>      |   17.813|
EXT_IN<3>      |RESULT<8>      |   17.095|
EXT_IN<3>      |RESULT<9>      |   17.580|
EXT_IN<3>      |RESULT<10>     |   18.066|
EXT_IN<3>      |RESULT<11>     |   17.764|
EXT_IN<3>      |RESULT<12>     |   17.120|
EXT_IN<3>      |RESULT<13>     |   17.859|
EXT_IN<3>      |RESULT<14>     |   17.948|
EXT_IN<3>      |RESULT<15>     |   18.392|
EXT_IN<4>      |RESULT<0>      |   12.120|
EXT_IN<4>      |RESULT<1>      |   11.191|
EXT_IN<4>      |RESULT<2>      |   12.307|
EXT_IN<4>      |RESULT<3>      |   10.317|
EXT_IN<4>      |RESULT<4>      |   13.150|
EXT_IN<4>      |RESULT<5>      |   12.204|
EXT_IN<4>      |RESULT<6>      |   12.797|
EXT_IN<4>      |RESULT<7>      |   13.132|
EXT_IN<4>      |RESULT<8>      |   12.414|
EXT_IN<4>      |RESULT<9>      |   12.899|
EXT_IN<4>      |RESULT<10>     |   13.385|
EXT_IN<4>      |RESULT<11>     |   13.083|
EXT_IN<4>      |RESULT<12>     |   12.439|
EXT_IN<4>      |RESULT<13>     |   13.178|
EXT_IN<4>      |RESULT<14>     |   13.267|
EXT_IN<4>      |RESULT<15>     |   13.711|
EXT_IN<5>      |RESULT<0>      |   12.057|
EXT_IN<5>      |RESULT<1>      |   11.128|
EXT_IN<5>      |RESULT<2>      |   12.244|
EXT_IN<5>      |RESULT<3>      |   10.254|
EXT_IN<5>      |RESULT<4>      |   11.845|
EXT_IN<5>      |RESULT<5>      |   12.325|
EXT_IN<5>      |RESULT<6>      |   12.918|
EXT_IN<5>      |RESULT<7>      |   13.253|
EXT_IN<5>      |RESULT<8>      |   12.535|
EXT_IN<5>      |RESULT<9>      |   13.020|
EXT_IN<5>      |RESULT<10>     |   13.506|
EXT_IN<5>      |RESULT<11>     |   13.204|
EXT_IN<5>      |RESULT<12>     |   12.560|
EXT_IN<5>      |RESULT<13>     |   13.299|
EXT_IN<5>      |RESULT<14>     |   13.388|
EXT_IN<5>      |RESULT<15>     |   13.832|
EXT_IN<6>      |RESULT<0>      |   11.946|
EXT_IN<6>      |RESULT<1>      |   10.639|
EXT_IN<6>      |RESULT<2>      |   11.755|
EXT_IN<6>      |RESULT<3>      |    9.765|
EXT_IN<6>      |RESULT<4>      |   11.734|
EXT_IN<6>      |RESULT<5>      |   11.902|
EXT_IN<6>      |RESULT<6>      |   12.737|
EXT_IN<6>      |RESULT<7>      |   13.072|
EXT_IN<6>      |RESULT<8>      |   12.354|
EXT_IN<6>      |RESULT<9>      |   12.839|
EXT_IN<6>      |RESULT<10>     |   13.325|
EXT_IN<6>      |RESULT<11>     |   13.023|
EXT_IN<6>      |RESULT<12>     |   12.379|
EXT_IN<6>      |RESULT<13>     |   13.118|
EXT_IN<6>      |RESULT<14>     |   13.207|
EXT_IN<6>      |RESULT<15>     |   13.651|
EXT_IN<7>      |RESULT<0>      |   12.613|
EXT_IN<7>      |RESULT<1>      |   11.306|
EXT_IN<7>      |RESULT<2>      |   12.422|
EXT_IN<7>      |RESULT<3>      |   10.432|
EXT_IN<7>      |RESULT<4>      |   12.401|
EXT_IN<7>      |RESULT<5>      |   12.569|
EXT_IN<7>      |RESULT<6>      |   12.764|
EXT_IN<7>      |RESULT<7>      |   13.200|
EXT_IN<7>      |RESULT<8>      |   12.482|
EXT_IN<7>      |RESULT<9>      |   12.967|
EXT_IN<7>      |RESULT<10>     |   13.453|
EXT_IN<7>      |RESULT<11>     |   13.267|
EXT_IN<7>      |RESULT<12>     |   12.507|
EXT_IN<7>      |RESULT<13>     |   13.246|
EXT_IN<7>      |RESULT<14>     |   13.335|
EXT_IN<7>      |RESULT<15>     |   13.779|
EXT_IN<8>      |RESULT<0>      |   12.574|
EXT_IN<8>      |RESULT<1>      |   11.267|
EXT_IN<8>      |RESULT<2>      |   12.383|
EXT_IN<8>      |RESULT<3>      |   10.393|
EXT_IN<8>      |RESULT<4>      |   12.362|
EXT_IN<8>      |RESULT<5>      |   12.530|
EXT_IN<8>      |RESULT<6>      |   12.725|
EXT_IN<8>      |RESULT<7>      |   12.741|
EXT_IN<8>      |RESULT<8>      |   12.387|
EXT_IN<8>      |RESULT<9>      |   12.872|
EXT_IN<8>      |RESULT<10>     |   13.364|
EXT_IN<8>      |RESULT<11>     |   13.228|
EXT_IN<8>      |RESULT<12>     |   12.412|
EXT_IN<8>      |RESULT<13>     |   13.151|
EXT_IN<8>      |RESULT<14>     |   13.240|
EXT_IN<8>      |RESULT<15>     |   13.684|
EXT_IN<9>      |RESULT<0>      |   12.072|
EXT_IN<9>      |RESULT<1>      |   10.765|
EXT_IN<9>      |RESULT<2>      |   11.881|
EXT_IN<9>      |RESULT<3>      |    9.891|
EXT_IN<9>      |RESULT<4>      |   11.860|
EXT_IN<9>      |RESULT<5>      |   12.028|
EXT_IN<9>      |RESULT<6>      |   12.223|
EXT_IN<9>      |RESULT<7>      |   12.239|
EXT_IN<9>      |RESULT<8>      |   11.291|
EXT_IN<9>      |RESULT<9>      |   12.967|
EXT_IN<9>      |RESULT<10>     |   13.453|
EXT_IN<9>      |RESULT<11>     |   13.151|
EXT_IN<9>      |RESULT<12>     |   12.507|
EXT_IN<9>      |RESULT<13>     |   13.246|
EXT_IN<9>      |RESULT<14>     |   13.335|
EXT_IN<9>      |RESULT<15>     |   13.779|
EXT_IN<10>     |RESULT<0>      |   12.040|
EXT_IN<10>     |RESULT<1>      |   11.123|
EXT_IN<10>     |RESULT<2>      |   12.239|
EXT_IN<10>     |RESULT<3>      |   10.249|
EXT_IN<10>     |RESULT<4>      |   11.828|
EXT_IN<10>     |RESULT<5>      |   11.996|
EXT_IN<10>     |RESULT<6>      |   12.581|
EXT_IN<10>     |RESULT<7>      |   12.387|
EXT_IN<10>     |RESULT<8>      |   11.439|
EXT_IN<10>     |RESULT<9>      |   11.535|
EXT_IN<10>     |RESULT<10>     |   13.199|
EXT_IN<10>     |RESULT<11>     |   12.897|
EXT_IN<10>     |RESULT<12>     |   12.253|
EXT_IN<10>     |RESULT<13>     |   12.992|
EXT_IN<10>     |RESULT<14>     |   13.081|
EXT_IN<10>     |RESULT<15>     |   13.525|
EXT_IN<11>     |RESULT<0>      |   12.778|
EXT_IN<11>     |RESULT<1>      |   11.861|
EXT_IN<11>     |RESULT<2>      |   12.977|
EXT_IN<11>     |RESULT<3>      |   10.987|
EXT_IN<11>     |RESULT<4>      |   12.566|
EXT_IN<11>     |RESULT<5>      |   12.734|
EXT_IN<11>     |RESULT<6>      |   13.319|
EXT_IN<11>     |RESULT<7>      |   13.125|
EXT_IN<11>     |RESULT<8>      |   12.177|
EXT_IN<11>     |RESULT<9>      |   12.273|
EXT_IN<11>     |RESULT<10>     |   13.748|
EXT_IN<11>     |RESULT<11>     |   13.612|
EXT_IN<11>     |RESULT<12>     |   12.480|
EXT_IN<11>     |RESULT<13>     |   13.219|
EXT_IN<11>     |RESULT<14>     |   13.308|
EXT_IN<11>     |RESULT<15>     |   13.752|
EXT_IN<12>     |RESULT<0>      |   12.169|
EXT_IN<12>     |RESULT<1>      |   11.252|
EXT_IN<12>     |RESULT<2>      |   12.368|
EXT_IN<12>     |RESULT<3>      |   10.378|
EXT_IN<12>     |RESULT<4>      |   11.957|
EXT_IN<12>     |RESULT<5>      |   12.125|
EXT_IN<12>     |RESULT<6>      |   12.710|
EXT_IN<12>     |RESULT<7>      |   12.516|
EXT_IN<12>     |RESULT<8>      |   11.568|
EXT_IN<12>     |RESULT<9>      |   11.664|
EXT_IN<12>     |RESULT<10>     |   13.139|
EXT_IN<12>     |RESULT<11>     |   13.003|
EXT_IN<12>     |RESULT<12>     |   12.655|
EXT_IN<12>     |RESULT<13>     |   13.394|
EXT_IN<12>     |RESULT<14>     |   13.483|
EXT_IN<12>     |RESULT<15>     |   13.927|
EXT_IN<13>     |RESULT<0>      |   12.114|
EXT_IN<13>     |RESULT<1>      |   11.197|
EXT_IN<13>     |RESULT<2>      |   12.313|
EXT_IN<13>     |RESULT<3>      |   10.323|
EXT_IN<13>     |RESULT<4>      |   11.902|
EXT_IN<13>     |RESULT<5>      |   12.070|
EXT_IN<13>     |RESULT<6>      |   12.655|
EXT_IN<13>     |RESULT<7>      |   12.461|
EXT_IN<13>     |RESULT<8>      |   11.513|
EXT_IN<13>     |RESULT<9>      |   11.609|
EXT_IN<13>     |RESULT<10>     |   13.084|
EXT_IN<13>     |RESULT<11>     |   12.948|
EXT_IN<13>     |RESULT<12>     |   11.275|
EXT_IN<13>     |RESULT<13>     |   13.344|
EXT_IN<13>     |RESULT<14>     |   13.433|
EXT_IN<13>     |RESULT<15>     |   13.877|
EXT_IN<14>     |RESULT<0>      |   12.447|
EXT_IN<14>     |RESULT<1>      |   11.518|
EXT_IN<14>     |RESULT<2>      |   12.634|
EXT_IN<14>     |RESULT<3>      |   10.644|
EXT_IN<14>     |RESULT<4>      |   12.235|
EXT_IN<14>     |RESULT<5>      |   12.403|
EXT_IN<14>     |RESULT<6>      |   12.976|
EXT_IN<14>     |RESULT<7>      |   12.911|
EXT_IN<14>     |RESULT<8>      |   11.963|
EXT_IN<14>     |RESULT<9>      |   12.059|
EXT_IN<14>     |RESULT<10>     |   13.534|
EXT_IN<14>     |RESULT<11>     |   13.398|
EXT_IN<14>     |RESULT<12>     |   11.596|
EXT_IN<14>     |RESULT<13>     |   11.485|
EXT_IN<14>     |RESULT<14>     |   13.623|
EXT_IN<14>     |RESULT<15>     |   14.067|
EXT_IN<15>     |RESULT<0>      |   12.064|
EXT_IN<15>     |RESULT<1>      |   11.135|
EXT_IN<15>     |RESULT<2>      |   12.251|
EXT_IN<15>     |RESULT<3>      |   10.261|
EXT_IN<15>     |RESULT<4>      |   11.852|
EXT_IN<15>     |RESULT<5>      |   12.020|
EXT_IN<15>     |RESULT<6>      |   12.593|
EXT_IN<15>     |RESULT<7>      |   12.528|
EXT_IN<15>     |RESULT<8>      |   11.580|
EXT_IN<15>     |RESULT<9>      |   11.676|
EXT_IN<15>     |RESULT<10>     |   13.151|
EXT_IN<15>     |RESULT<11>     |   13.015|
EXT_IN<15>     |RESULT<12>     |   11.213|
EXT_IN<15>     |RESULT<13>     |   11.102|
EXT_IN<15>     |RESULT<14>     |   12.057|
EXT_IN<15>     |RESULT<15>     |   14.065|
INSTR<0>       |RESULT<0>      |   18.103|
INSTR<0>       |RESULT<1>      |   17.186|
INSTR<0>       |RESULT<2>      |   18.302|
INSTR<0>       |RESULT<3>      |   16.713|
INSTR<0>       |RESULT<4>      |   17.891|
INSTR<0>       |RESULT<5>      |   18.059|
INSTR<0>       |RESULT<6>      |   18.644|
INSTR<0>       |RESULT<7>      |   18.450|
INSTR<0>       |RESULT<8>      |   17.502|
INSTR<0>       |RESULT<9>      |   17.953|
INSTR<0>       |RESULT<10>     |   19.081|
INSTR<0>       |RESULT<11>     |   18.937|
INSTR<0>       |RESULT<12>     |   18.135|
INSTR<0>       |RESULT<13>     |   18.874|
INSTR<0>       |RESULT<14>     |   18.963|
INSTR<0>       |RESULT<15>     |   19.407|
INSTR<1>       |RESULT<0>      |   22.223|
INSTR<1>       |RESULT<1>      |   22.196|
INSTR<1>       |RESULT<2>      |   22.387|
INSTR<1>       |RESULT<3>      |   21.451|
INSTR<1>       |RESULT<4>      |   22.542|
INSTR<1>       |RESULT<5>      |   21.596|
INSTR<1>       |RESULT<6>      |   22.189|
INSTR<1>       |RESULT<7>      |   22.524|
INSTR<1>       |RESULT<8>      |   21.806|
INSTR<1>       |RESULT<9>      |   22.291|
INSTR<1>       |RESULT<10>     |   22.777|
INSTR<1>       |RESULT<11>     |   22.475|
INSTR<1>       |RESULT<12>     |   21.831|
INSTR<1>       |RESULT<13>     |   22.570|
INSTR<1>       |RESULT<14>     |   22.659|
INSTR<1>       |RESULT<15>     |   23.103|
INSTR<2>       |RESULT<0>      |   24.856|
INSTR<2>       |RESULT<1>      |   24.854|
INSTR<2>       |RESULT<2>      |   25.045|
INSTR<2>       |RESULT<3>      |   24.109|
INSTR<2>       |RESULT<4>      |   25.200|
INSTR<2>       |RESULT<5>      |   24.576|
INSTR<2>       |RESULT<6>      |   24.847|
INSTR<2>       |RESULT<7>      |   25.207|
INSTR<2>       |RESULT<8>      |   24.489|
INSTR<2>       |RESULT<9>      |   24.974|
INSTR<2>       |RESULT<10>     |   25.460|
INSTR<2>       |RESULT<11>     |   25.274|
INSTR<2>       |RESULT<12>     |   24.514|
INSTR<2>       |RESULT<13>     |   25.253|
INSTR<2>       |RESULT<14>     |   25.342|
INSTR<2>       |RESULT<15>     |   25.786|
INSTR<3>       |RESULT<0>      |   21.797|
INSTR<3>       |RESULT<1>      |   22.118|
INSTR<3>       |RESULT<2>      |   22.309|
INSTR<3>       |RESULT<3>      |   21.373|
INSTR<3>       |RESULT<4>      |   22.464|
INSTR<3>       |RESULT<5>      |   21.518|
INSTR<3>       |RESULT<6>      |   22.111|
INSTR<3>       |RESULT<7>      |   22.446|
INSTR<3>       |RESULT<8>      |   21.728|
INSTR<3>       |RESULT<9>      |   22.213|
INSTR<3>       |RESULT<10>     |   22.699|
INSTR<3>       |RESULT<11>     |   22.397|
INSTR<3>       |RESULT<12>     |   21.753|
INSTR<3>       |RESULT<13>     |   22.492|
INSTR<3>       |RESULT<14>     |   22.581|
INSTR<3>       |RESULT<15>     |   23.025|
INSTR<4>       |RESULT<0>      |   19.402|
INSTR<4>       |RESULT<1>      |   20.662|
INSTR<4>       |RESULT<2>      |   20.853|
INSTR<4>       |RESULT<3>      |   19.917|
INSTR<4>       |RESULT<4>      |   21.008|
INSTR<4>       |RESULT<5>      |   20.062|
INSTR<4>       |RESULT<6>      |   20.655|
INSTR<4>       |RESULT<7>      |   20.990|
INSTR<4>       |RESULT<8>      |   20.272|
INSTR<4>       |RESULT<9>      |   20.757|
INSTR<4>       |RESULT<10>     |   21.243|
INSTR<4>       |RESULT<11>     |   20.941|
INSTR<4>       |RESULT<12>     |   20.297|
INSTR<4>       |RESULT<13>     |   21.036|
INSTR<4>       |RESULT<14>     |   21.125|
INSTR<4>       |RESULT<15>     |   21.569|
INSTR<5>       |RESULT<0>      |   19.298|
INSTR<5>       |RESULT<1>      |   20.339|
INSTR<5>       |RESULT<2>      |   20.530|
INSTR<5>       |RESULT<3>      |   19.594|
INSTR<5>       |RESULT<4>      |   20.685|
INSTR<5>       |RESULT<5>      |   19.739|
INSTR<5>       |RESULT<6>      |   20.332|
INSTR<5>       |RESULT<7>      |   20.667|
INSTR<5>       |RESULT<8>      |   19.949|
INSTR<5>       |RESULT<9>      |   20.434|
INSTR<5>       |RESULT<10>     |   20.920|
INSTR<5>       |RESULT<11>     |   20.618|
INSTR<5>       |RESULT<12>     |   19.974|
INSTR<5>       |RESULT<13>     |   20.713|
INSTR<5>       |RESULT<14>     |   20.802|
INSTR<5>       |RESULT<15>     |   21.246|
INSTR<6>       |RESULT<0>      |   21.552|
INSTR<6>       |RESULT<1>      |   21.873|
INSTR<6>       |RESULT<2>      |   22.064|
INSTR<6>       |RESULT<3>      |   21.128|
INSTR<6>       |RESULT<4>      |   22.219|
INSTR<6>       |RESULT<5>      |   21.273|
INSTR<6>       |RESULT<6>      |   21.866|
INSTR<6>       |RESULT<7>      |   22.201|
INSTR<6>       |RESULT<8>      |   21.483|
INSTR<6>       |RESULT<9>      |   21.968|
INSTR<6>       |RESULT<10>     |   22.454|
INSTR<6>       |RESULT<11>     |   22.152|
INSTR<6>       |RESULT<12>     |   21.508|
INSTR<6>       |RESULT<13>     |   22.247|
INSTR<6>       |RESULT<14>     |   22.336|
INSTR<6>       |RESULT<15>     |   22.780|
INSTR<7>       |RESULT<0>      |   20.686|
INSTR<7>       |RESULT<1>      |   21.946|
INSTR<7>       |RESULT<2>      |   22.137|
INSTR<7>       |RESULT<3>      |   21.201|
INSTR<7>       |RESULT<4>      |   22.292|
INSTR<7>       |RESULT<5>      |   21.346|
INSTR<7>       |RESULT<6>      |   21.939|
INSTR<7>       |RESULT<7>      |   22.274|
INSTR<7>       |RESULT<8>      |   21.556|
INSTR<7>       |RESULT<9>      |   22.041|
INSTR<7>       |RESULT<10>     |   22.527|
INSTR<7>       |RESULT<11>     |   22.225|
INSTR<7>       |RESULT<12>     |   21.581|
INSTR<7>       |RESULT<13>     |   22.320|
INSTR<7>       |RESULT<14>     |   22.409|
INSTR<7>       |RESULT<15>     |   22.853|
INSTR<8>       |RESULT<0>      |   19.252|
INSTR<8>       |RESULT<1>      |   20.293|
INSTR<8>       |RESULT<2>      |   20.484|
INSTR<8>       |RESULT<3>      |   19.548|
INSTR<8>       |RESULT<4>      |   20.639|
INSTR<8>       |RESULT<5>      |   19.693|
INSTR<8>       |RESULT<6>      |   20.286|
INSTR<8>       |RESULT<7>      |   20.621|
INSTR<8>       |RESULT<8>      |   19.903|
INSTR<8>       |RESULT<9>      |   20.388|
INSTR<8>       |RESULT<10>     |   20.874|
INSTR<8>       |RESULT<11>     |   20.572|
INSTR<8>       |RESULT<12>     |   19.928|
INSTR<8>       |RESULT<13>     |   20.667|
INSTR<8>       |RESULT<14>     |   20.756|
INSTR<8>       |RESULT<15>     |   21.200|
INSTR<9>       |RESULT<0>      |   24.430|
INSTR<9>       |RESULT<1>      |   24.503|
INSTR<9>       |RESULT<2>      |   24.694|
INSTR<9>       |RESULT<3>      |   23.758|
INSTR<9>       |RESULT<4>      |   24.849|
INSTR<9>       |RESULT<5>      |   23.903|
INSTR<9>       |RESULT<6>      |   24.496|
INSTR<9>       |RESULT<7>      |   24.831|
INSTR<9>       |RESULT<8>      |   24.113|
INSTR<9>       |RESULT<9>      |   24.598|
INSTR<9>       |RESULT<10>     |   25.084|
INSTR<9>       |RESULT<11>     |   24.782|
INSTR<9>       |RESULT<12>     |   24.138|
INSTR<9>       |RESULT<13>     |   24.877|
INSTR<9>       |RESULT<14>     |   24.966|
INSTR<9>       |RESULT<15>     |   25.410|
INSTR<10>      |RESULT<0>      |   23.946|
INSTR<10>      |RESULT<1>      |   24.410|
INSTR<10>      |RESULT<2>      |   24.601|
INSTR<10>      |RESULT<3>      |   23.665|
INSTR<10>      |RESULT<4>      |   24.756|
INSTR<10>      |RESULT<5>      |   23.810|
INSTR<10>      |RESULT<6>      |   24.403|
INSTR<10>      |RESULT<7>      |   24.738|
INSTR<10>      |RESULT<8>      |   24.020|
INSTR<10>      |RESULT<9>      |   24.505|
INSTR<10>      |RESULT<10>     |   24.991|
INSTR<10>      |RESULT<11>     |   24.689|
INSTR<10>      |RESULT<12>     |   24.045|
INSTR<10>      |RESULT<13>     |   24.784|
INSTR<10>      |RESULT<14>     |   24.873|
INSTR<10>      |RESULT<15>     |   25.317|
INSTR<11>      |RESULT<0>      |   24.248|
INSTR<11>      |RESULT<1>      |   24.221|
INSTR<11>      |RESULT<2>      |   24.412|
INSTR<11>      |RESULT<3>      |   23.476|
INSTR<11>      |RESULT<4>      |   24.567|
INSTR<11>      |RESULT<5>      |   23.621|
INSTR<11>      |RESULT<6>      |   24.214|
INSTR<11>      |RESULT<7>      |   24.549|
INSTR<11>      |RESULT<8>      |   23.831|
INSTR<11>      |RESULT<9>      |   24.316|
INSTR<11>      |RESULT<10>     |   24.802|
INSTR<11>      |RESULT<11>     |   24.500|
INSTR<11>      |RESULT<12>     |   23.856|
INSTR<11>      |RESULT<13>     |   24.595|
INSTR<11>      |RESULT<14>     |   24.684|
INSTR<11>      |RESULT<15>     |   25.128|
INSTR<12>      |RESULT<0>      |   24.014|
INSTR<12>      |RESULT<1>      |   23.987|
INSTR<12>      |RESULT<2>      |   24.178|
INSTR<12>      |RESULT<3>      |   23.242|
INSTR<12>      |RESULT<4>      |   24.333|
INSTR<12>      |RESULT<5>      |   23.387|
INSTR<12>      |RESULT<6>      |   23.980|
INSTR<12>      |RESULT<7>      |   24.315|
INSTR<12>      |RESULT<8>      |   23.597|
INSTR<12>      |RESULT<9>      |   24.082|
INSTR<12>      |RESULT<10>     |   24.568|
INSTR<12>      |RESULT<11>     |   24.266|
INSTR<12>      |RESULT<12>     |   23.622|
INSTR<12>      |RESULT<13>     |   24.361|
INSTR<12>      |RESULT<14>     |   24.450|
INSTR<12>      |RESULT<15>     |   24.894|
INSTR<13>      |RESULT<0>      |   24.231|
INSTR<13>      |RESULT<1>      |   24.204|
INSTR<13>      |RESULT<2>      |   24.395|
INSTR<13>      |RESULT<3>      |   23.459|
INSTR<13>      |RESULT<4>      |   24.550|
INSTR<13>      |RESULT<5>      |   23.604|
INSTR<13>      |RESULT<6>      |   24.197|
INSTR<13>      |RESULT<7>      |   24.532|
INSTR<13>      |RESULT<8>      |   23.814|
INSTR<13>      |RESULT<9>      |   24.299|
INSTR<13>      |RESULT<10>     |   24.785|
INSTR<13>      |RESULT<11>     |   24.483|
INSTR<13>      |RESULT<12>     |   23.839|
INSTR<13>      |RESULT<13>     |   24.578|
INSTR<13>      |RESULT<14>     |   24.667|
INSTR<13>      |RESULT<15>     |   25.111|
INSTR<14>      |RESULT<0>      |   23.761|
INSTR<14>      |RESULT<1>      |   23.734|
INSTR<14>      |RESULT<2>      |   23.925|
INSTR<14>      |RESULT<3>      |   22.989|
INSTR<14>      |RESULT<4>      |   24.080|
INSTR<14>      |RESULT<5>      |   23.134|
INSTR<14>      |RESULT<6>      |   23.727|
INSTR<14>      |RESULT<7>      |   24.062|
INSTR<14>      |RESULT<8>      |   23.344|
INSTR<14>      |RESULT<9>      |   23.829|
INSTR<14>      |RESULT<10>     |   24.315|
INSTR<14>      |RESULT<11>     |   24.013|
INSTR<14>      |RESULT<12>     |   23.369|
INSTR<14>      |RESULT<13>     |   24.108|
INSTR<14>      |RESULT<14>     |   24.197|
INSTR<14>      |RESULT<15>     |   24.641|
INSTR<15>      |RESULT<0>      |   23.782|
INSTR<15>      |RESULT<1>      |   23.755|
INSTR<15>      |RESULT<2>      |   23.946|
INSTR<15>      |RESULT<3>      |   23.010|
INSTR<15>      |RESULT<4>      |   24.101|
INSTR<15>      |RESULT<5>      |   23.155|
INSTR<15>      |RESULT<6>      |   23.748|
INSTR<15>      |RESULT<7>      |   24.083|
INSTR<15>      |RESULT<8>      |   23.365|
INSTR<15>      |RESULT<9>      |   23.850|
INSTR<15>      |RESULT<10>     |   24.336|
INSTR<15>      |RESULT<11>     |   24.034|
INSTR<15>      |RESULT<12>     |   23.390|
INSTR<15>      |RESULT<13>     |   24.129|
INSTR<15>      |RESULT<14>     |   24.218|
INSTR<15>      |RESULT<15>     |   24.662|
---------------+---------------+---------+


Analysis completed Tue Feb 23 17:34:45 2016 
--------------------------------------------------------------------------------

Trace Settings:
-------------------------
Trace Settings 

Peak Memory Usage: 191 MB



