V3 41
FL "C:/Users/David/Documents/UVic/Spring 2016/CENG 450/Project/UvicSpring2016CENG450Lab-master/UvicSpring2016CENG450Lab-master/ALU.vhd" 2016/03/10.01:23:41 P.20131013
EN work/ALU 1457634166 \
      FL "C:/Users/David/Documents/UVic/Spring 2016/CENG 450/Project/UvicSpring2016CENG450Lab-master/UvicSpring2016CENG450Lab-master/ALU.vhd" \
      PB ieee/std_logic_1164 1381692176 PB ieee/NUMERIC_STD 1381692181 \
      PB work/MicroprocessorMisc 1457634157
AR work/ALU/Behavioral 1457634167 \
      FL "C:/Users/David/Documents/UVic/Spring 2016/CENG 450/Project/UvicSpring2016CENG450Lab-master/UvicSpring2016CENG450Lab-master/ALU.vhd" \
      EN work/ALU 1457634166
FL "C:/Users/David/Documents/UVic/Spring 2016/CENG 450/Project/UvicSpring2016CENG450Lab-master/UvicSpring2016CENG450Lab-master/BusyStatusRegister.vhd" 2016/03/08.15:01:33 P.20131013
EN work/BusyStatusRegister 1457479262 \
      FL "C:/Users/David/Documents/UVic/Spring 2016/CENG 450/Project/UvicSpring2016CENG450Lab-master/UvicSpring2016CENG450Lab-master/BusyStatusRegister.vhd" \
      PB ieee/std_logic_1164 1381692176 PB work/MicroprocessorMisc 1457634157
AR work/BusyStatusRegister/Behavioral 1457479263 \
      FL "C:/Users/David/Documents/UVic/Spring 2016/CENG 450/Project/UvicSpring2016CENG450Lab-master/UvicSpring2016CENG450Lab-master/BusyStatusRegister.vhd" \
      EN work/BusyStatusRegister 1457479262
FL "C:/Users/David/Documents/UVic/Spring 2016/CENG 450/Project/UvicSpring2016CENG450Lab-master/UvicSpring2016CENG450Lab-master/control.vhd" 2016/03/10.10:22:22 P.20131013
EN work/Control 1457634164 \
      FL "C:/Users/David/Documents/UVic/Spring 2016/CENG 450/Project/UvicSpring2016CENG450Lab-master/UvicSpring2016CENG450Lab-master/control.vhd" \
      PB ieee/std_logic_1164 1381692176 PB ieee/NUMERIC_STD 1381692181 \
      PB work/MicroprocessorMisc 1457634157
AR work/Control/Behavioral 1457634165 \
      FL "C:/Users/David/Documents/UVic/Spring 2016/CENG 450/Project/UvicSpring2016CENG450Lab-master/UvicSpring2016CENG450Lab-master/control.vhd" \
      EN work/Control 1457634164 CP register_file
FL "C:/Users/David/Documents/UVic/Spring 2016/CENG 450/Project/UvicSpring2016CENG450Lab-master/UvicSpring2016CENG450Lab-master/cpu_top_level.vhd" 2016/03/10.01:21:47 P.20131013
EN work/cpu_top_level 1457634172 \
      FL "C:/Users/David/Documents/UVic/Spring 2016/CENG 450/Project/UvicSpring2016CENG450Lab-master/UvicSpring2016CENG450Lab-master/cpu_top_level.vhd" \
      PB ieee/std_logic_1164 1381692176 PB work/MicroprocessorMisc 1457634157
AR work/cpu_top_level/Behavioral 1457634173 \
      FL "C:/Users/David/Documents/UVic/Spring 2016/CENG 450/Project/UvicSpring2016CENG450Lab-master/UvicSpring2016CENG450Lab-master/cpu_top_level.vhd" \
      EN work/cpu_top_level 1457634172 CP instruction_fetch CP Control CP ALU \
      CP memory CP writeback
FL "C:/Users/David/Documents/UVic/Spring 2016/CENG 450/Project/UvicSpring2016CENG450Lab-master/UvicSpring2016CENG450Lab-master/demo_rom.vhd" 2016/03/10.01:39:38 P.20131013
EN work/ROM_VHDL 1457634160 \
      FL "C:/Users/David/Documents/UVic/Spring 2016/CENG 450/Project/UvicSpring2016CENG450Lab-master/UvicSpring2016CENG450Lab-master/demo_rom.vhd" \
      PB ieee/std_logic_1164 1381692176 PB ieee/NUMERIC_STD 1381692181
AR work/ROM_VHDL/BHV 1457634161 \
      FL "C:/Users/David/Documents/UVic/Spring 2016/CENG 450/Project/UvicSpring2016CENG450Lab-master/UvicSpring2016CENG450Lab-master/demo_rom.vhd" \
      EN work/ROM_VHDL 1457634160
FL "C:/Users/David/Documents/UVic/Spring 2016/CENG 450/Project/UvicSpring2016CENG450Lab-master/UvicSpring2016CENG450Lab-master/instruction_fetch.vhd" 2016/03/10.01:19:00 P.20131013
EN work/instruction_fetch 1457634162 \
      FL "C:/Users/David/Documents/UVic/Spring 2016/CENG 450/Project/UvicSpring2016CENG450Lab-master/UvicSpring2016CENG450Lab-master/instruction_fetch.vhd" \
      PB ieee/std_logic_1164 1381692176 PB ieee/NUMERIC_STD 1381692181 \
      PB work/MicroprocessorMisc 1457634157
AR work/instruction_fetch/Behavioral 1457634163 \
      FL "C:/Users/David/Documents/UVic/Spring 2016/CENG 450/Project/UvicSpring2016CENG450Lab-master/UvicSpring2016CENG450Lab-master/instruction_fetch.vhd" \
      EN work/instruction_fetch 1457634162 CP ROM_VHDL
FL "C:/Users/David/Documents/UVic/Spring 2016/CENG 450/Project/UvicSpring2016CENG450Lab-master/UvicSpring2016CENG450Lab-master/MasterRegister.vhd" 2016/03/09.11:26:40 P.20131013
EN work/MasterRegister 1457552156 \
      FL "C:/Users/David/Documents/UVic/Spring 2016/CENG 450/Project/UvicSpring2016CENG450Lab-master/UvicSpring2016CENG450Lab-master/MasterRegister.vhd" \
      PB ieee/std_logic_1164 1381692176 PB ieee/STD_LOGIC_UNSIGNED 1381692179 \
      PB work/MicroprocessorMisc 1457634157
AR work/MasterRegister/behavioural 1457552157 \
      FL "C:/Users/David/Documents/UVic/Spring 2016/CENG 450/Project/UvicSpring2016CENG450Lab-master/UvicSpring2016CENG450Lab-master/MasterRegister.vhd" \
      EN work/MasterRegister 1457552156
FL "C:/Users/David/Documents/UVic/Spring 2016/CENG 450/Project/UvicSpring2016CENG450Lab-master/UvicSpring2016CENG450Lab-master/memory.vhd" 2016/03/10.00:03:19 P.20131013
EN work/memory 1457634168 \
      FL "C:/Users/David/Documents/UVic/Spring 2016/CENG 450/Project/UvicSpring2016CENG450Lab-master/UvicSpring2016CENG450Lab-master/memory.vhd" \
      LB UNISIM PB ieee/std_logic_1164 1381692176 PB ieee/NUMERIC_STD 1381692181 \
      PH unisim/VCOMPONENTS 1381692182 PB work/MicroprocessorMisc 1457634157
AR work/memory/Behavioral 1457634169 \
      FL "C:/Users/David/Documents/UVic/Spring 2016/CENG 450/Project/UvicSpring2016CENG450Lab-master/UvicSpring2016CENG450Lab-master/memory.vhd" \
      EN work/memory 1457634168 CP register_file
FL "C:/Users/David/Documents/UVic/Spring 2016/CENG 450/Project/UvicSpring2016CENG450Lab-master/UvicSpring2016CENG450Lab-master/MicroprocessorMisc.vhd" 2016/03/10.00:02:22 P.20131013
PH work/MicroprocessorMisc 1457634156 \
      FL "C:/Users/David/Documents/UVic/Spring 2016/CENG 450/Project/UvicSpring2016CENG450Lab-master/UvicSpring2016CENG450Lab-master/MicroprocessorMisc.vhd" \
      PB ieee/std_logic_1164 1381692176
PB work/MicroprocessorMisc 1457634157 \
      FL "C:/Users/David/Documents/UVic/Spring 2016/CENG 450/Project/UvicSpring2016CENG450Lab-master/UvicSpring2016CENG450Lab-master/MicroprocessorMisc.vhd" \
      PH work/MicroprocessorMisc 1457634156
FL "C:/Users/David/Documents/UVic/Spring 2016/CENG 450/Project/UvicSpring2016CENG450Lab-master/UvicSpring2016CENG450Lab-master/register.vhd" 2016/03/10.00:59:08 P.20131013
EN work/register_file 1457634158 \
      FL "C:/Users/David/Documents/UVic/Spring 2016/CENG 450/Project/UvicSpring2016CENG450Lab-master/UvicSpring2016CENG450Lab-master/register.vhd" \
      PB ieee/std_logic_1164 1381692176 PB ieee/STD_LOGIC_UNSIGNED 1381692179
AR work/register_file/behavioural 1457634159 \
      FL "C:/Users/David/Documents/UVic/Spring 2016/CENG 450/Project/UvicSpring2016CENG450Lab-master/UvicSpring2016CENG450Lab-master/register.vhd" \
      EN work/register_file 1457634158
FL "C:/Users/David/Documents/UVic/Spring 2016/CENG 450/Project/UvicSpring2016CENG450Lab-master/UvicSpring2016CENG450Lab-master/writeback.vhd" 2016/03/09.23:37:20 P.20131013
EN work/writeback 1457634170 \
      FL "C:/Users/David/Documents/UVic/Spring 2016/CENG 450/Project/UvicSpring2016CENG450Lab-master/UvicSpring2016CENG450Lab-master/writeback.vhd" \
      PB ieee/std_logic_1164 1381692176 PB work/MicroprocessorMisc 1457634157
AR work/writeback/Behavioral 1457634171 \
      FL "C:/Users/David/Documents/UVic/Spring 2016/CENG 450/Project/UvicSpring2016CENG450Lab-master/UvicSpring2016CENG450Lab-master/writeback.vhd" \
      EN work/writeback 1457634170
